// Jest Snapshot v1, https://goo.gl/fbAQLP

exports[`<GameItem /> Snapshot Should match snapshot 1`] = `
<div
  className="game item"
>
  <div
    className="ui small image"
  >
    <img
      alt="game-icon"
    />
  </div>
  <div
    className="content"
  >
    <div
      className="header"
    >
      <b
        className="name"
      />
    </div>
    <div
      className="description"
    >
      <p />
    </div>
    <div
      className="extra"
    >
      <Link
        to={
          Object {
            "pathname": "/undefined",
          }
        }
      >
        <div
          className="play ui right floated secondary button inverted"
        >
          Play
          <i
            className="right chevron icon"
          />
        </div>
      </Link>
    </div>
  </div>
</div>
`;
