// Jest Snapshot v1, https://goo.gl/fbAQLP

exports[`<Login /> Snapshot Should match snapshot 1`] = `
<Route>
  <Component />
</Route>
`;
